================================================================================
PPO — HumanoidRun (MuJoCo Playground)
================================================================================
  obs_dim=67, action_dim=21
  num_envs=2048, num_steps=480, num_updates_per_batch=1, episode_length=1000
  samples/update=983,040, samples/iter=983,040, iterations=61, total_steps=60,000,000
  policy_net=(128, 128, 128, 128), value_net=(256, 256, 256, 256, 256), activation=swish, minibatch_size=30720, num_epochs=16, updates_per_batch=1, grad_updates/iter=512
  lr=0.001, max_grad_norm=None
  clip_eps=0.3, entropy_coef=0.01, reward_scaling=10.0
  gamma=0.995, gae_lambda=0.95
  actor_params=63,658, critic_params=280,833

JIT-compiling first iteration (expect a delay)...
--------------------------------------------------------------------------------
Iter    0/61 | Steps   983,040 | Eps     0 | Return     nan [ nan, nan] | PLoss -0.1411 | VLoss     0.39 | Ent 13.535 | KL 38.1097 | Clip 0.199 | logσ -0.34 [-1.68,1.90] | 11,792 sps | 83.4s
  ^ first iteration includes JIT compilation time
Iter    1/61 | Steps 1,966,080 | Eps     0 | Return     nan [ nan, nan] | PLoss -0.1488 | VLoss     0.00 | Ent 13.708 | KL 0.0166 | Clip 0.091 | logσ -0.32 [-0.89,0.14] | 51,722 sps | 19.0s
Iter    2/61 | Steps 2,949,120 | Eps  2048 | Return     2.1 [   2,   4] | PLoss -0.1489 | VLoss     0.63 | Ent 13.864 | KL 0.0826 | Clip 0.380 | logσ -0.28 [-1.15,0.37] | 64,091 sps | 15.3s
Iter    3/61 | Steps 3,932,160 | Eps  2048 | Return     2.1 [   2,   4] | PLoss -0.1538 | VLoss     0.00 | Ent 13.981 | KL 0.0173 | Clip 0.096 | logσ -0.26 [-0.76,0.18] | 63,808 sps | 15.4s
Iter    4/61 | Steps 4,915,200 | Eps  4096 | Return     2.5 [   2,   6] | PLoss -0.1543 | VLoss     0.97 | Ent 14.028 | KL 0.0760 | Clip 0.368 | logσ -0.23 [-1.10,0.36] | 63,857 sps | 15.4s
  Checkpoint saved to checkpoints/20260316_231730_humanoidrun_seed0
Iter    5/61 | Steps 5,898,240 | Eps  4096 | Return     2.5 [   2,   6] | PLoss -0.1566 | VLoss     0.00 | Ent 14.142 | KL 0.0183 | Clip 0.104 | logσ -0.21 [-0.76,0.24] | 64,041 sps | 15.4s
Iter    6/61 | Steps 6,881,280 | Eps  6144 | Return     3.0 [   2,   5] | PLoss -0.1566 | VLoss     1.38 | Ent 14.093 | KL 0.0511 | Clip 0.273 | logσ -0.19 [-1.10,0.41] | 63,944 sps | 15.4s
Iter    7/61 | Steps 7,864,320 | Eps  6144 | Return     3.0 [   2,   5] | PLoss -0.1583 | VLoss     0.00 | Ent 14.195 | KL 0.0185 | Clip 0.106 | logσ -0.18 [-0.67,0.24] | 63,814 sps | 15.4s
Iter    8/61 | Steps 8,847,360 | Eps  8192 | Return     3.7 [   2,   8] | PLoss -0.1574 | VLoss     1.68 | Ent 14.123 | KL 0.0425 | Clip 0.231 | logσ -0.17 [-1.10,0.38] | 63,895 sps | 15.4s
Iter    9/61 | Steps 9,830,400 | Eps  8192 | Return     3.7 [   2,   8] | PLoss -0.1581 | VLoss     0.00 | Ent 14.229 | KL 0.0183 | Clip 0.103 | logσ -0.16 [-0.63,0.20] | 64,103 sps | 15.3s
  Checkpoint saved to checkpoints/20260316_231730_humanoidrun_seed0
Iter   10/61 | Steps 10,813,440 | Eps 10240 | Return     4.3 [   2,   8] | PLoss -0.1580 | VLoss     1.87 | Ent 14.137 | KL 0.0377 | Clip 0.201 | logσ -0.16 [-1.16,0.43] | 64,262 sps | 15.3s
Iter   11/61 | Steps 11,796,480 | Eps 10240 | Return     4.3 [   2,   8] | PLoss -0.1581 | VLoss     0.00 | Ent 14.245 | KL 0.0183 | Clip 0.104 | logσ -0.16 [-0.61,0.19] | 63,762 sps | 15.4s
Iter   12/61 | Steps 12,779,520 | Eps 12288 | Return     4.5 [   2,   9] | PLoss -0.1594 | VLoss     2.35 | Ent 14.146 | KL 0.0345 | Clip 0.180 | logσ -0.16 [-1.27,0.45] | 64,010 sps | 15.4s
Iter   13/61 | Steps 13,762,560 | Eps 12288 | Return     4.5 [   2,   9] | PLoss -0.1581 | VLoss     0.00 | Ent 14.263 | KL 0.0181 | Clip 0.102 | logσ -0.15 [-0.58,0.19] | 64,264 sps | 15.3s
Iter   14/61 | Steps 14,745,600 | Eps 14336 | Return     4.9 [   2,  10] | PLoss -0.1599 | VLoss     2.27 | Ent 14.154 | KL 0.0321 | Clip 0.163 | logσ -0.16 [-1.34,0.44] | 64,181 sps | 15.3s
  Checkpoint saved to checkpoints/20260316_231730_humanoidrun_seed0
Iter   15/61 | Steps 15,728,640 | Eps 14336 | Return     4.9 [   2,  10] | PLoss -0.1577 | VLoss     0.00 | Ent 14.271 | KL 0.0178 | Clip 0.100 | logσ -0.14 [-0.57,0.20] | 64,309 sps | 15.3s
Iter   16/61 | Steps 16,711,680 | Eps 16384 | Return     5.0 [   2,  13] | PLoss -0.1593 | VLoss     2.42 | Ent 14.158 | KL 0.0307 | Clip 0.153 | logσ -0.15 [-1.33,0.42] | 63,933 sps | 15.4s
Iter   17/61 | Steps 17,694,720 | Eps 16384 | Return     5.0 [   2,  13] | PLoss -0.1560 | VLoss     0.00 | Ent 14.276 | KL 0.0170 | Clip 0.093 | logσ -0.14 [-0.59,0.22] | 63,963 sps | 15.4s
Iter   18/61 | Steps 18,677,760 | Eps 18432 | Return     5.2 [   2,  11] | PLoss -0.1589 | VLoss     2.79 | Ent 14.151 | KL 0.0323 | Clip 0.153 | logσ -0.15 [-1.40,0.48] | 64,119 sps | 15.3s
Iter   19/61 | Steps 19,660,800 | Eps 18432 | Return     5.2 [   2,  11] | PLoss -0.1543 | VLoss     0.00 | Ent 14.285 | KL 0.0163 | Clip 0.087 | logσ -0.14 [-0.56,0.23] | 63,903 sps | 15.4s
  Checkpoint saved to checkpoints/20260316_231730_humanoidrun_seed0
Iter   20/61 | Steps 20,643,840 | Eps 20480 | Return     5.4 [   2,  11] | PLoss -0.1606 | VLoss     2.90 | Ent 14.147 | KL 0.0339 | Clip 0.158 | logσ -0.15 [-1.38,0.56] | 64,194 sps | 15.3s
Iter   21/61 | Steps 21,626,880 | Eps 20480 | Return     5.4 [   2,  11] | PLoss -0.1497 | VLoss     0.00 | Ent 14.291 | KL 0.0188 | Clip 0.100 | logσ -0.14 [-0.70,0.28] | 64,041 sps | 15.4s
Iter   22/61 | Steps 22,609,920 | Eps 22528 | Return     5.6 [   2,  11] | PLoss -0.1623 | VLoss     2.97 | Ent 14.153 | KL 0.0291 | Clip 0.135 | logσ -0.15 [-1.45,0.55] | 64,000 sps | 15.4s
Iter   23/61 | Steps 23,592,960 | Eps 22528 | Return     5.6 [   2,  11] | PLoss -0.1538 | VLoss     0.04 | Ent 14.296 | KL 0.0305 | Clip 0.141 | logσ -0.14 [-1.18,0.49] | 64,292 sps | 15.3s
Iter   24/61 | Steps 24,576,000 | Eps 24576 | Return     6.1 [   2,  11] | PLoss -0.1521 | VLoss     0.00 | Ent 14.304 | KL 0.0148 | Clip 0.075 | logσ -0.14 [-0.57,0.24] | 63,873 sps | 15.4s
  Checkpoint saved to checkpoints/20260316_231730_humanoidrun_seed0
Iter   25/61 | Steps 25,559,040 | Eps 24576 | Return     6.1 [   2,  11] | PLoss -0.1608 | VLoss     3.34 | Ent 14.108 | KL 0.0341 | Clip 0.142 | logσ -0.15 [-1.68,0.72] | 63,942 sps | 15.4s
Iter   26/61 | Steps 26,542,080 | Eps 24576 | Return     6.1 [   2,  11] | PLoss -0.1510 | VLoss     0.00 | Ent 14.299 | KL 0.0143 | Clip 0.071 | logσ -0.14 [-0.54,0.30] | 64,119 sps | 15.3s
Iter   27/61 | Steps 27,525,120 | Eps 26624 | Return     6.3 [   2,  11] | PLoss -0.1622 | VLoss     3.52 | Ent 14.066 | KL 0.0350 | Clip 0.140 | logσ -0.15 [-1.80,0.79] | 63,963 sps | 15.4s
Iter   28/61 | Steps 28,508,160 | Eps 26624 | Return     6.3 [   2,  11] | PLoss -0.1456 | VLoss     0.00 | Ent 14.297 | KL 0.0201 | Clip 0.111 | logσ -0.14 [-0.59,0.28] | 64,415 sps | 15.3s
Iter   29/61 | Steps 29,491,200 | Eps 28672 | Return     6.4 [   2,  13] | PLoss -0.1586 | VLoss     3.45 | Ent 14.067 | KL 0.0406 | Clip 0.146 | logσ -0.15 [-1.93,0.78] | 64,208 sps | 15.3s
  Checkpoint saved to checkpoints/20260316_231730_humanoidrun_seed0
Iter   30/61 | Steps 30,474,240 | Eps 28672 | Return     6.4 [   2,  13] | PLoss -0.1455 | VLoss     0.00 | Ent 14.302 | KL 0.0193 | Clip 0.105 | logσ -0.14 [-0.59,0.27] | 63,986 sps | 15.4s
Iter   31/61 | Steps 31,457,280 | Eps 30720 | Return     6.9 [   2,  11] | PLoss -0.1603 | VLoss     3.55 | Ent 14.079 | KL 0.0374 | Clip 0.130 | logσ -0.15 [-1.96,0.83] | 64,212 sps | 15.3s
Iter   32/61 | Steps 32,440,320 | Eps 30720 | Return     6.9 [   2,  11] | PLoss -0.1454 | VLoss     0.00 | Ent 14.307 | KL 0.0182 | Clip 0.100 | logσ -0.14 [-0.58,0.26] | 64,026 sps | 15.4s
Iter   33/61 | Steps 33,423,360 | Eps 32768 | Return     6.9 [   2,  15] | PLoss -0.1639 | VLoss     3.59 | Ent 14.067 | KL 0.0309 | Clip 0.104 | logσ -0.15 [-1.83,0.80] | 64,185 sps | 15.3s
Iter   34/61 | Steps 34,406,400 | Eps 32768 | Return     6.9 [   2,  15] | PLoss -0.1514 | VLoss     0.00 | Ent 14.305 | KL 0.0153 | Clip 0.078 | logσ -0.14 [-0.62,0.31] | 64,198 sps | 15.3s
  Checkpoint saved to checkpoints/20260316_231730_humanoidrun_seed0
Iter   35/61 | Steps 35,389,440 | Eps 34816 | Return     7.2 [   2,  12] | PLoss -0.1583 | VLoss     3.75 | Ent 14.073 | KL 0.0419 | Clip 0.130 | logσ -0.15 [-1.95,0.81] | 63,973 sps | 15.4s
Iter   36/61 | Steps 36,372,480 | Eps 34816 | Return     7.2 [   2,  12] | PLoss -0.1474 | VLoss     0.00 | Ent 14.299 | KL 0.0139 | Clip 0.068 | logσ -0.15 [-0.63,0.33] | 64,312 sps | 15.3s
Iter   37/61 | Steps 37,355,520 | Eps 36864 | Return     7.0 [   2,  12] | PLoss -0.1645 | VLoss     3.54 | Ent 14.051 | KL 0.0361 | Clip 0.120 | logσ -0.15 [-1.94,0.84] | 64,163 sps | 15.3s
Iter   38/61 | Steps 38,338,560 | Eps 36864 | Return     7.0 [   2,  12] | PLoss -0.1464 | VLoss     0.00 | Ent 14.303 | KL 0.0151 | Clip 0.077 | logσ -0.14 [-0.62,0.27] | 64,079 sps | 15.3s
Iter   39/61 | Steps 39,321,600 | Eps 38912 | Return     6.9 [   2,  13] | PLoss -0.1614 | VLoss     3.90 | Ent 14.039 | KL 0.0386 | Clip 0.115 | logσ -0.15 [-1.93,0.82] | 64,377 sps | 15.3s
  Checkpoint saved to checkpoints/20260316_231730_humanoidrun_seed0
Iter   40/61 | Steps 40,304,640 | Eps 38912 | Return     6.9 [   2,  13] | PLoss -0.1457 | VLoss     0.00 | Ent 14.306 | KL 0.0146 | Clip 0.073 | logσ -0.14 [-0.65,0.25] | 64,038 sps | 15.4s
Iter   41/61 | Steps 41,287,680 | Eps 40960 | Return     6.7 [   2,  15] | PLoss -0.1554 | VLoss     4.44 | Ent 14.016 | KL 0.0635 | Clip 0.123 | logσ -0.15 [-1.98,0.86] | 64,362 sps | 15.3s
Iter   42/61 | Steps 42,270,720 | Eps 40960 | Return     6.7 [   2,  15] | PLoss -0.1482 | VLoss     0.00 | Ent 14.305 | KL 0.0136 | Clip 0.064 | logσ -0.14 [-0.68,0.32] | 64,195 sps | 15.3s
Iter   43/61 | Steps 43,253,760 | Eps 43008 | Return     7.4 [   2,  14] | PLoss -0.1632 | VLoss     4.04 | Ent 13.990 | KL 0.0358 | Clip 0.105 | logσ -0.15 [-2.01,0.91] | 64,114 sps | 15.3s
Iter   44/61 | Steps 44,236,800 | Eps 43008 | Return     7.4 [   2,  14] | PLoss -0.1485 | VLoss     0.00 | Ent 14.302 | KL 0.0126 | Clip 0.056 | logσ -0.14 [-0.72,0.34] | 64,426 sps | 15.3s
  Checkpoint saved to checkpoints/20260316_231730_humanoidrun_seed0
Iter   45/61 | Steps 45,219,840 | Eps 45056 | Return     7.6 [   4,  14] | PLoss -0.1610 | VLoss     4.30 | Ent 13.978 | KL 0.0436 | Clip 0.117 | logσ -0.15 [-2.07,0.93] | 64,077 sps | 15.3s
Iter   46/61 | Steps 46,202,880 | Eps 45056 | Return     7.6 [   4,  14] | PLoss -0.1422 | VLoss     0.00 | Ent 14.315 | KL 2.7969 | Clip 0.160 | logσ -0.14 [-1.85,0.81] | 64,248 sps | 15.3s
Iter   47/61 | Steps 47,185,920 | Eps 47104 | Return     7.1 [   3,  13] | PLoss -0.1119 | VLoss     3.25 | Ent 14.026 | KL 0.6729 | Clip 0.140 | logσ -0.14 [-3.22,1.45] | 64,423 sps | 15.3s
Iter   48/61 | Steps 48,168,960 | Eps 47104 | Return     7.1 [   3,  13] | PLoss -0.1543 | VLoss     0.03 | Ent 14.316 | KL 0.0127 | Clip 0.026 | logσ -0.13 [-1.54,0.88] | 63,920 sps | 15.4s
Iter   49/61 | Steps 49,152,000 | Eps 49152 | Return     5.3 [   2,   9] | PLoss -0.1464 | VLoss     0.00 | Ent 14.330 | KL 0.0100 | Clip 0.037 | logσ -0.14 [-0.55,0.27] | 64,240 sps | 15.3s
  Checkpoint saved to checkpoints/20260316_231730_humanoidrun_seed0
Iter   50/61 | Steps 50,135,040 | Eps 49152 | Return     5.3 [   2,   9] | PLoss -0.1647 | VLoss     3.70 | Ent 13.994 | KL 0.0243 | Clip 0.071 | logσ -0.14 [-2.70,1.34] | 63,900 sps | 15.4s
Iter   51/61 | Steps 51,118,080 | Eps 49152 | Return     5.3 [   2,   9] | PLoss -0.1458 | VLoss     0.00 | Ent 14.323 | KL 0.0106 | Clip 0.043 | logσ -0.15 [-0.60,0.35] | 63,765 sps | 15.4s
Iter   52/61 | Steps 52,101,120 | Eps 51200 | Return     6.1 [   2,  11] | PLoss -0.1236 | VLoss     4.26 | Ent 13.984 | KL 3.4089 | Clip 0.156 | logσ -0.15 [-2.67,1.31] | 64,357 sps | 15.3s
Iter   53/61 | Steps 53,084,160 | Eps 51200 | Return     6.1 [   2,  11] | PLoss -0.1469 | VLoss     0.00 | Ent 14.323 | KL 0.0098 | Clip 0.036 | logσ -0.14 [-0.68,0.33] | 64,026 sps | 15.4s
Iter   54/61 | Steps 54,067,200 | Eps 53248 | Return     6.1 [   2,  14] | PLoss -0.1651 | VLoss     3.87 | Ent 13.961 | KL 0.0289 | Clip 0.074 | logσ -0.15 [-2.30,1.23] | 64,425 sps | 15.3s
  Checkpoint saved to checkpoints/20260316_231730_humanoidrun_seed0
Iter   55/61 | Steps 55,050,240 | Eps 53248 | Return     6.1 [   2,  14] | PLoss -0.1489 | VLoss     0.00 | Ent 14.316 | KL 0.0105 | Clip 0.040 | logσ -0.14 [-0.69,0.33] | 64,288 sps | 15.3s
Iter   56/61 | Steps 56,033,280 | Eps 55296 | Return     6.6 [   2,  14] | PLoss -0.1643 | VLoss     3.74 | Ent 13.941 | KL 0.0322 | Clip 0.079 | logσ -0.15 [-2.86,1.22] | 63,875 sps | 15.4s
Iter   57/61 | Steps 57,016,320 | Eps 55296 | Return     6.6 [   2,  14] | PLoss -0.1488 | VLoss     0.00 | Ent 14.312 | KL 0.0107 | Clip 0.042 | logσ -0.14 [-0.72,0.34] | 64,409 sps | 15.3s
Iter   58/61 | Steps 57,999,360 | Eps 57344 | Return     6.6 [   2,  15] | PLoss -0.1610 | VLoss     4.12 | Ent 13.904 | KL 0.0406 | Clip 0.087 | logσ -0.15 [-2.64,1.25] | 64,205 sps | 15.3s
Iter   59/61 | Steps 58,982,400 | Eps 57344 | Return     6.6 [   2,  15] | PLoss -0.1478 | VLoss     0.00 | Ent 14.307 | KL 0.0105 | Clip 0.041 | logσ -0.14 [-0.78,0.36] | 64,046 sps | 15.3s
  Checkpoint saved to checkpoints/20260316_231730_humanoidrun_seed0
Iter   60/61 | Steps 59,965,440 | Eps 59392 | Return     6.9 [   3,  12] | PLoss -0.1256 | VLoss     4.12 | Ent 13.905 | KL 0.1474 | Clip 0.197 | logσ -0.15 [-2.42,1.18] | 64,344 sps | 15.3s
  Checkpoint saved to checkpoints/20260316_231730_humanoidrun_seed0
================================================================================
Training complete.
  Total episodes: 59392
  Final avg return (last 100 eps): 6.9
  Final max return (last 100 eps): 12.2
  Final checkpoint: checkpoints/20260316_231730_humanoidrun_seed0
