================================================================================
PPO — HumanoidRun (MuJoCo Playground)
================================================================================
  obs_dim=67, action_dim=21
  num_envs=2048, num_steps=480, num_updates_per_batch=1, episode_length=1000
  samples/update=983,040, samples/iter=983,040, iterations=61, total_steps=60,000,000
  policy_net=(128, 128, 128, 128), value_net=(256, 256, 256, 256, 256), activation=swish, minibatch_size=30720, num_epochs=16, updates_per_batch=1, grad_updates/iter=512
  lr=0.001, max_grad_norm=None
  clip_eps=0.3, entropy_coef=0.01, reward_scaling=10.0
  gamma=0.995, gae_lambda=0.95
  actor_params=60,970, critic_params=280,833

JIT-compiling first iteration (expect a delay)...
--------------------------------------------------------------------------------
Iter    0/61 | Steps   983,040 | Eps     0 | Return     nan [ nan, nan] | PLoss -0.2910 | VLoss     0.18 | Ent 30.249 | KL 0.3256 | Clip 0.135 | logσ 0.02 [0.02,0.03] | 12,208 sps | 80.5s
  ^ first iteration includes JIT compilation time
Iter    1/61 | Steps 1,966,080 | Eps     0 | Return     nan [ nan, nan] | PLoss -0.3156 | VLoss     0.00 | Ent 30.856 | KL 0.0344 | Clip 0.211 | logσ 0.05 [0.04,0.06] | 57,158 sps | 17.2s
Iter    2/61 | Steps 2,949,120 | Eps  2048 | Return     1.9 [   2,   4] | PLoss -0.3193 | VLoss     0.18 | Ent 31.274 | KL 0.0266 | Clip 0.156 | logσ 0.07 [0.06,0.08] | 68,453 sps | 14.4s
Iter    3/61 | Steps 3,932,160 | Eps  2048 | Return     1.9 [   2,   4] | PLoss -0.3295 | VLoss     0.00 | Ent 31.467 | KL 0.0200 | Clip 0.117 | logσ 0.08 [0.07,0.09] | 68,712 sps | 14.3s
Iter    4/61 | Steps 4,915,200 | Eps  4096 | Return     2.2 [   1,   5] | PLoss -0.3290 | VLoss     0.25 | Ent 31.957 | KL 0.0357 | Clip 0.214 | logσ 0.10 [0.09,0.11] | 68,717 sps | 14.3s
  Checkpoint saved to checkpoints/20260316_223434_humanoidrun_seed0
Iter    5/61 | Steps 5,898,240 | Eps  4096 | Return     2.2 [   1,   5] | PLoss -0.3360 | VLoss     0.00 | Ent 32.221 | KL 0.0210 | Clip 0.124 | logσ 0.12 [0.10,0.13] | 68,205 sps | 14.4s
Iter    6/61 | Steps 6,881,280 | Eps  6144 | Return     2.1 [   1,   3] | PLoss -0.3472 | VLoss     0.39 | Ent 33.278 | KL 0.1145 | Clip 0.467 | logσ 0.17 [0.14,0.18] | 68,838 sps | 14.3s
Iter    7/61 | Steps 7,864,320 | Eps  6144 | Return     2.1 [   1,   3] | PLoss -0.3604 | VLoss     0.00 | Ent 34.023 | KL 0.0255 | Clip 0.156 | logσ 0.20 [0.17,0.22] | 68,607 sps | 14.3s
Iter    8/61 | Steps 8,847,360 | Eps  8192 | Return     2.3 [   2,   5] | PLoss -0.3675 | VLoss     0.61 | Ent 35.557 | KL 0.2183 | Clip 0.604 | logσ 0.27 [0.21,0.30] | 68,446 sps | 14.4s
Iter    9/61 | Steps 9,830,400 | Eps  8192 | Return     2.3 [   2,   5] | PLoss -0.3862 | VLoss     0.00 | Ent 36.412 | KL 0.0278 | Clip 0.172 | logσ 0.31 [0.25,0.34] | 68,712 sps | 14.3s
  Checkpoint saved to checkpoints/20260316_223434_humanoidrun_seed0
Iter   10/61 | Steps 10,813,440 | Eps 10240 | Return     2.7 [   2,   6] | PLoss -0.3935 | VLoss     0.68 | Ent 37.773 | KL 0.1616 | Clip 0.552 | logσ 0.38 [0.29,0.41] | 68,495 sps | 14.4s
Iter   11/61 | Steps 11,796,480 | Eps 10240 | Return     2.7 [   2,   6] | PLoss -0.4085 | VLoss     0.00 | Ent 38.494 | KL 0.0284 | Clip 0.176 | logσ 0.41 [0.32,0.44] | 68,579 sps | 14.3s
Iter   12/61 | Steps 12,779,520 | Eps 12288 | Return     3.0 [   2,   6] | PLoss -0.4165 | VLoss     0.84 | Ent 39.471 | KL 0.1095 | Clip 0.468 | logσ 0.46 [0.35,0.49] | 68,831 sps | 14.3s
Iter   13/61 | Steps 13,762,560 | Eps 12288 | Return     3.0 [   2,   6] | PLoss -0.4221 | VLoss     0.00 | Ent 39.949 | KL 0.0286 | Clip 0.176 | logσ 0.48 [0.38,0.51] | 68,370 sps | 14.4s
Iter   14/61 | Steps 14,745,600 | Eps 14336 | Return     3.1 [   2,   6] | PLoss -0.4317 | VLoss     0.74 | Ent 41.498 | KL 0.2029 | Clip 0.597 | logσ 0.56 [0.42,0.59] | 68,381 sps | 14.4s
  Checkpoint saved to checkpoints/20260316_223434_humanoidrun_seed0
Iter   15/61 | Steps 15,728,640 | Eps 14336 | Return     3.1 [   2,   6] | PLoss -0.4450 | VLoss     0.00 | Ent 42.344 | KL 0.0307 | Clip 0.190 | logσ 0.60 [0.46,0.64] | 68,722 sps | 14.3s
Iter   16/61 | Steps 16,711,680 | Eps 16384 | Return     3.0 [   2,   6] | PLoss -0.4520 | VLoss     0.74 | Ent 43.115 | KL 0.0848 | Clip 0.411 | logσ 0.63 [0.48,0.68] | 68,615 sps | 14.3s
Iter   17/61 | Steps 17,694,720 | Eps 16384 | Return     3.0 [   2,   6] | PLoss -0.4542 | VLoss     0.00 | Ent 43.566 | KL 0.0319 | Clip 0.197 | logσ 0.66 [0.50,0.70] | 68,559 sps | 14.3s
Iter   18/61 | Steps 18,677,760 | Eps 18432 | Return     3.6 [   2,   8] | PLoss -0.4652 | VLoss     0.75 | Ent 44.401 | KL 0.0925 | Clip 0.431 | logσ 0.70 [0.53,0.74] | 68,860 sps | 14.3s
Iter   19/61 | Steps 19,660,800 | Eps 18432 | Return     3.6 [   2,   8] | PLoss -0.4657 | VLoss     0.00 | Ent 44.949 | KL 0.0332 | Clip 0.204 | logσ 0.72 [0.56,0.77] | 68,504 sps | 14.4s
  Checkpoint saved to checkpoints/20260316_223434_humanoidrun_seed0
