================================================================================
PPO — HumanoidRun (MuJoCo Playground)
================================================================================
  obs_dim=67, action_dim=21
  num_envs=2048, num_steps=480, num_updates_per_batch=1, episode_length=1000
  samples/update=983,040, samples/iter=983,040, iterations=61, total_steps=60,000,000
  policy_net=(128, 128, 128, 128), value_net=(256, 256, 256, 256, 256), activation=swish, minibatch_size=30720, num_epochs=16, updates_per_batch=1, grad_updates/iter=512
  lr=0.001, max_grad_norm=None
  clip_eps=0.3, entropy_coef=0.01, reward_scaling=10.0
  gamma=0.995, gae_lambda=0.95
  actor_params=60,970, critic_params=280,833

JIT-compiling first iteration (expect a delay)...
--------------------------------------------------------------------------------
Iter    0/61 | Steps   983,040 | Eps     0 | Return     nan [ nan, nan] | PLoss -0.1040 | VLoss    17.58 | Ent 13.506 | KL 31464.2812 | Clip 0.114 | logσ -0.02 [-0.02,-0.01] | 12,168 sps | 80.8s
  ^ first iteration includes JIT compilation time
Iter    1/61 | Steps 1,966,080 | Eps     0 | Return     nan [ nan, nan] | PLoss -0.1509 | VLoss     0.00 | Ent 14.088 | KL 0.0204 | Clip 0.125 | logσ -0.02 [-0.03,-0.02] | 55,521 sps | 17.7s
Iter    2/61 | Steps 2,949,120 | Eps  2048 | Return     1.9 [   2,   4] | PLoss -0.1500 | VLoss     0.16 | Ent 14.091 | KL 0.0214 | Clip 0.125 | logσ -0.03 [-0.04,-0.02] | 67,994 sps | 14.5s
Iter    3/61 | Steps 3,932,160 | Eps  2048 | Return     1.9 [   2,   4] | PLoss -0.1592 | VLoss     0.00 | Ent 14.098 | KL 0.0189 | Clip 0.112 | logσ -0.04 [-0.05,-0.03] | 67,786 sps | 14.5s
Iter    4/61 | Steps 4,915,200 | Eps  4096 | Return     2.1 [   2,   5] | PLoss -0.1534 | VLoss     0.21 | Ent 14.103 | KL 0.0231 | Clip 0.136 | logσ -0.05 [-0.06,-0.03] | 68,270 sps | 14.4s
  Checkpoint saved to checkpoints/20260316_225137_humanoidrun_seed0
Iter    5/61 | Steps 5,898,240 | Eps  4096 | Return     2.1 [   2,   5] | PLoss -0.1607 | VLoss     0.00 | Ent 14.127 | KL 0.0186 | Clip 0.109 | logσ -0.05 [-0.06,-0.04] | 68,063 sps | 14.4s
Iter    6/61 | Steps 6,881,280 | Eps  6144 | Return     2.1 [   2,   3] | PLoss -0.1596 | VLoss     0.33 | Ent 14.125 | KL 0.0352 | Clip 0.211 | logσ -0.06 [-0.09,-0.05] | 67,884 sps | 14.5s
Iter    7/61 | Steps 7,864,320 | Eps  6144 | Return     2.1 [   2,   3] | PLoss -0.1616 | VLoss     0.00 | Ent 14.170 | KL 0.0187 | Clip 0.108 | logσ -0.07 [-0.09,-0.05] | 68,192 sps | 14.4s
Iter    8/61 | Steps 8,847,360 | Eps  8192 | Return     2.3 [   2,   4] | PLoss -0.1620 | VLoss     0.52 | Ent 14.136 | KL 0.0372 | Clip 0.201 | logσ -0.07 [-0.12,-0.06] | 68,098 sps | 14.4s
Iter    9/61 | Steps 9,830,400 | Eps  8192 | Return     2.3 [   2,   4] | PLoss -0.1628 | VLoss     0.00 | Ent 14.200 | KL 0.0191 | Clip 0.110 | logσ -0.08 [-0.11,-0.07] | 68,047 sps | 14.4s
  Checkpoint saved to checkpoints/20260316_225137_humanoidrun_seed0
Iter   10/61 | Steps 10,813,440 | Eps 10240 | Return     2.5 [   2,   5] | PLoss -0.1662 | VLoss     0.80 | Ent 14.129 | KL 0.0497 | Clip 0.240 | logσ -0.09 [-0.14,-0.07] | 68,254 sps | 14.4s
Iter   11/61 | Steps 11,796,480 | Eps 10240 | Return     2.5 [   2,   5] | PLoss -0.1612 | VLoss     0.00 | Ent 14.232 | KL 0.0173 | Clip 0.096 | logσ -0.09 [-0.14,-0.08] | 67,923 sps | 14.5s
Iter   12/61 | Steps 12,779,520 | Eps 12288 | Return     3.0 [   2,   6] | PLoss -0.1637 | VLoss     0.73 | Ent 14.145 | KL 0.0306 | Clip 0.148 | logσ -0.10 [-0.17,-0.08] | 68,007 sps | 14.5s
Iter   13/61 | Steps 13,762,560 | Eps 12288 | Return     3.0 [   2,   6] | PLoss -0.1611 | VLoss     0.00 | Ent 14.245 | KL 0.0168 | Clip 0.091 | logσ -0.10 [-0.16,-0.08] | 68,237 sps | 14.4s
Iter   14/61 | Steps 14,745,600 | Eps 14336 | Return     3.1 [   2,   6] | PLoss -0.1670 | VLoss     0.78 | Ent 14.153 | KL 0.0404 | Clip 0.174 | logσ -0.11 [-0.18,-0.09] | 67,952 sps | 14.5s
  Checkpoint saved to checkpoints/20260316_225137_humanoidrun_seed0
Iter   15/61 | Steps 15,728,640 | Eps 14336 | Return     3.1 [   2,   6] | PLoss -0.1612 | VLoss     0.00 | Ent 14.261 | KL 0.0168 | Clip 0.091 | logσ -0.12 [-0.19,-0.09] | 68,000 sps | 14.5s
Iter   16/61 | Steps 16,711,680 | Eps 16384 | Return     3.0 [   2,   7] | PLoss -0.1660 | VLoss     0.89 | Ent 14.141 | KL 0.0333 | Clip 0.138 | logσ -0.12 [-0.20,-0.10] | 68,285 sps | 14.4s
Iter   17/61 | Steps 17,694,720 | Eps 16384 | Return     3.0 [   2,   7] | PLoss -0.1609 | VLoss     0.00 | Ent 14.256 | KL 0.0168 | Clip 0.091 | logσ -0.13 [-0.21,-0.11] | 67,908 sps | 14.5s
Iter   18/61 | Steps 18,677,760 | Eps 18432 | Return     3.7 [   2,   8] | PLoss -0.1661 | VLoss     0.88 | Ent 14.118 | KL 0.0355 | Clip 0.143 | logσ -0.13 [-0.23,-0.11] | 68,150 sps | 14.4s
Iter   19/61 | Steps 19,660,800 | Eps 18432 | Return     3.7 [   2,   8] | PLoss -0.1616 | VLoss     0.00 | Ent 14.248 | KL 0.0170 | Clip 0.092 | logσ -0.14 [-0.22,-0.12] | 68,314 sps | 14.4s
  Checkpoint saved to checkpoints/20260316_225137_humanoidrun_seed0
Iter   20/61 | Steps 20,643,840 | Eps 20480 | Return     3.8 [   2,   8] | PLoss -0.1653 | VLoss     0.94 | Ent 14.094 | KL 0.0330 | Clip 0.130 | logσ -0.14 [-0.24,-0.12] | 67,846 sps | 14.5s
Iter   21/61 | Steps 21,626,880 | Eps 20480 | Return     3.8 [   2,   8] | PLoss -0.1607 | VLoss     0.00 | Ent 14.240 | KL 0.0168 | Clip 0.090 | logσ -0.15 [-0.24,-0.12] | 68,117 sps | 14.4s
Iter   22/61 | Steps 22,609,920 | Eps 22528 | Return     4.1 [   2,  11] | PLoss -0.1693 | VLoss     1.01 | Ent 14.105 | KL 0.0466 | Clip 0.196 | logσ -0.15 [-0.25,-0.13] | 68,267 sps | 14.4s
Iter   23/61 | Steps 23,592,960 | Eps 22528 | Return     4.1 [   2,  11] | PLoss -0.1466 | VLoss     0.00 | Ent 14.277 | KL 0.0311 | Clip 0.075 | logσ -0.15 [-0.24,-0.13] | 67,880 sps | 14.5s
Iter   24/61 | Steps 24,576,000 | Eps 24576 | Return     3.9 [   2,   8] | PLoss -0.1604 | VLoss     0.00 | Ent 14.258 | KL 0.0163 | Clip 0.085 | logσ -0.16 [-0.24,-0.14] | 68,122 sps | 14.4s
  Checkpoint saved to checkpoints/20260316_225137_humanoidrun_seed0
Iter   25/61 | Steps 25,559,040 | Eps 24576 | Return     3.9 [   2,   8] | PLoss -0.1532 | VLoss     1.31 | Ent 14.073 | KL 0.0762 | Clip 0.208 | logσ -0.15 [-0.24,-0.13] | 68,225 sps | 14.4s
Iter   26/61 | Steps 26,542,080 | Eps 24576 | Return     3.9 [   2,   8] | PLoss -0.1581 | VLoss     0.00 | Ent 14.266 | KL 0.0149 | Clip 0.075 | logσ -0.16 [-0.24,-0.14] | 67,874 sps | 14.5s
Iter   27/61 | Steps 27,525,120 | Eps 26624 | Return     4.1 [   2,   7] | PLoss -0.1479 | VLoss     1.33 | Ent 14.041 | KL 0.0853 | Clip 0.204 | logσ -0.16 [-0.24,-0.13] | 68,153 sps | 14.4s
Iter   28/61 | Steps 28,508,160 | Eps 26624 | Return     4.1 [   2,   7] | PLoss -0.1561 | VLoss     0.00 | Ent 14.267 | KL 0.0139 | Clip 0.067 | logσ -0.16 [-0.25,-0.14] | 68,292 sps | 14.4s
Iter   29/61 | Steps 29,491,200 | Eps 28672 | Return     4.6 [   2,   8] | PLoss -0.1655 | VLoss     1.30 | Ent 14.001 | KL 0.0365 | Clip 0.111 | logσ -0.17 [-0.25,-0.15] | 67,954 sps | 14.5s
  Checkpoint saved to checkpoints/20260316_225137_humanoidrun_seed0
Iter   30/61 | Steps 30,474,240 | Eps 28672 | Return     4.6 [   2,   8] | PLoss -0.1561 | VLoss     0.00 | Ent 14.254 | KL 0.0140 | Clip 0.068 | logσ -0.17 [-0.25,-0.15] | 68,225 sps | 14.4s
Iter   31/61 | Steps 31,457,280 | Eps 30720 | Return     5.0 [   2,   9] | PLoss -0.1623 | VLoss     1.15 | Ent 13.973 | KL 0.0308 | Clip 0.096 | logσ -0.18 [-0.26,-0.15] | 68,226 sps | 14.4s
Iter   32/61 | Steps 32,440,320 | Eps 30720 | Return     5.0 [   2,   9] | PLoss -0.1564 | VLoss     0.00 | Ent 14.230 | KL 0.0145 | Clip 0.072 | logσ -0.18 [-0.26,-0.15] | 68,071 sps | 14.4s
Iter   33/61 | Steps 33,423,360 | Eps 32768 | Return     4.8 [   2,   9] | PLoss -0.1632 | VLoss     1.11 | Ent 13.941 | KL 0.0351 | Clip 0.111 | logσ -0.18 [-0.27,-0.15] | 68,218 sps | 14.4s
Iter   34/61 | Steps 34,406,400 | Eps 32768 | Return     4.8 [   2,   9] | PLoss -0.1564 | VLoss     0.00 | Ent 14.212 | KL 0.0144 | Clip 0.071 | logσ -0.19 [-0.27,-0.16] | 68,325 sps | 14.4s
  Checkpoint saved to checkpoints/20260316_225137_humanoidrun_seed0
Iter   35/61 | Steps 35,389,440 | Eps 34816 | Return     5.0 [   2,   8] | PLoss -0.1618 | VLoss     1.34 | Ent 13.934 | KL 0.0733 | Clip 0.193 | logσ -0.18 [-0.28,-0.16] | 67,644 sps | 14.5s
Iter   36/61 | Steps 36,372,480 | Eps 34816 | Return     5.0 [   2,   8] | PLoss -0.1556 | VLoss     0.00 | Ent 14.225 | KL 0.0140 | Clip 0.067 | logσ -0.19 [-0.28,-0.16] | 67,998 sps | 14.5s
Iter   37/61 | Steps 37,355,520 | Eps 36864 | Return     5.1 [   2,  12] | PLoss -0.1606 | VLoss     1.09 | Ent 13.905 | KL 0.0327 | Clip 0.095 | logσ -0.19 [-0.29,-0.17] | 68,141 sps | 14.4s
Iter   38/61 | Steps 38,338,560 | Eps 36864 | Return     5.1 [   2,  12] | PLoss -0.1561 | VLoss     0.00 | Ent 14.197 | KL 0.0139 | Clip 0.067 | logσ -0.20 [-0.30,-0.17] | 67,869 sps | 14.5s
Iter   39/61 | Steps 39,321,600 | Eps 38912 | Return     5.3 [   2,  10] | PLoss -0.1115 | VLoss     1.28 | Ent 13.881 | KL 0.3649 | Clip 0.344 | logσ -0.18 [-0.28,-0.15] | 68,136 sps | 14.4s
  Checkpoint saved to checkpoints/20260316_225137_humanoidrun_seed0
Iter   40/61 | Steps 40,304,640 | Eps 38912 | Return     5.3 [   2,  10] | PLoss -0.1542 | VLoss     0.00 | Ent 14.236 | KL 0.0126 | Clip 0.057 | logσ -0.19 [-0.28,-0.16] | 68,034 sps | 14.4s
Iter   41/61 | Steps 41,287,680 | Eps 40960 | Return     4.7 [   2,   9] | PLoss -0.1655 | VLoss     1.22 | Ent 13.936 | KL 0.0233 | Clip 0.076 | logσ -0.19 [-0.30,-0.17] | 67,685 sps | 14.5s
Iter   42/61 | Steps 42,270,720 | Eps 40960 | Return     4.7 [   2,   9] | PLoss -0.1534 | VLoss     0.00 | Ent 14.204 | KL 0.0130 | Clip 0.060 | logσ -0.20 [-0.30,-0.17] | 67,938 sps | 14.5s
Iter   43/61 | Steps 43,253,760 | Eps 43008 | Return     5.3 [   2,  10] | PLoss -0.1684 | VLoss     1.39 | Ent 13.930 | KL 0.0334 | Clip 0.110 | logσ -0.20 [-0.31,-0.16] | 68,074 sps | 14.4s
Iter   44/61 | Steps 44,236,800 | Eps 43008 | Return     5.3 [   2,  10] | PLoss -0.1539 | VLoss     0.00 | Ent 14.185 | KL 0.0138 | Clip 0.067 | logσ -0.20 [-0.31,-0.17] | 67,752 sps | 14.5s
  Checkpoint saved to checkpoints/20260316_225137_humanoidrun_seed0
Iter   45/61 | Steps 45,219,840 | Eps 45056 | Return     5.2 [   2,  13] | PLoss -0.1640 | VLoss     1.25 | Ent 13.888 | KL 0.0343 | Clip 0.102 | logσ -0.20 [-0.32,-0.17] | 68,020 sps | 14.5s
Iter   46/61 | Steps 46,202,880 | Eps 45056 | Return     5.2 [   2,  13] | PLoss -0.1549 | VLoss     0.00 | Ent 14.167 | KL 0.0143 | Clip 0.070 | logσ -0.21 [-0.32,-0.17] | 68,104 sps | 14.4s
Iter   47/61 | Steps 47,185,920 | Eps 47104 | Return     5.3 [   2,   9] | PLoss -0.1623 | VLoss     1.17 | Ent 13.879 | KL 0.0345 | Clip 0.098 | logσ -0.21 [-0.32,-0.17] | 67,711 sps | 14.5s
Iter   48/61 | Steps 48,168,960 | Eps 47104 | Return     5.3 [   2,   9] | PLoss -0.1492 | VLoss     0.01 | Ent 14.212 | KL 0.0365 | Clip 0.112 | logσ -0.20 [-0.28,-0.17] | 68,085 sps | 14.4s
Iter   49/61 | Steps 49,152,000 | Eps 49152 | Return     5.2 [   2,   9] | PLoss -0.1549 | VLoss     0.00 | Ent 14.221 | KL 0.0142 | Clip 0.069 | logσ -0.19 [-0.27,-0.17] | 68,108 sps | 14.4s
  Checkpoint saved to checkpoints/20260316_225137_humanoidrun_seed0
Iter   50/61 | Steps 50,135,040 | Eps 49152 | Return     5.2 [   2,   9] | PLoss -0.1619 | VLoss     1.37 | Ent 13.913 | KL 0.0406 | Clip 0.101 | logσ -0.19 [-0.28,-0.17] | 67,648 sps | 14.5s
Iter   51/61 | Steps 51,118,080 | Eps 49152 | Return     5.2 [   2,   9] | PLoss -0.1535 | VLoss     0.00 | Ent 14.201 | KL 0.0134 | Clip 0.063 | logσ -0.20 [-0.28,-0.17] | 68,089 sps | 14.4s
Iter   52/61 | Steps 52,101,120 | Eps 51200 | Return     5.5 [   2,  11] | PLoss -0.1629 | VLoss     1.44 | Ent 13.893 | KL 0.0401 | Clip 0.106 | logσ -0.20 [-0.29,-0.18] | 68,117 sps | 14.4s
Iter   53/61 | Steps 53,084,160 | Eps 51200 | Return     5.5 [   2,  11] | PLoss -0.1535 | VLoss     0.00 | Ent 14.182 | KL 0.0144 | Clip 0.071 | logσ -0.20 [-0.29,-0.18] | 67,717 sps | 14.5s
Iter   54/61 | Steps 54,067,200 | Eps 53248 | Return     4.9 [   2,   8] | PLoss -0.1599 | VLoss     1.69 | Ent 13.870 | KL 0.0482 | Clip 0.123 | logσ -0.20 [-0.30,-0.18] | 68,233 sps | 14.4s
  Checkpoint saved to checkpoints/20260316_225137_humanoidrun_seed0
Iter   55/61 | Steps 55,050,240 | Eps 53248 | Return     4.9 [   2,   8] | PLoss -0.1525 | VLoss     0.00 | Ent 14.171 | KL 0.0141 | Clip 0.069 | logσ -0.21 [-0.30,-0.18] | 67,773 sps | 14.5s
Iter   56/61 | Steps 56,033,280 | Eps 55296 | Return     5.4 [   2,  10] | PLoss -0.0973 | VLoss     1.96 | Ent 13.829 | KL 0.5120 | Clip 0.431 | logσ -0.19 [-0.27,-0.15] | 67,643 sps | 14.5s
Iter   57/61 | Steps 57,016,320 | Eps 55296 | Return     5.4 [   2,  10] | PLoss -0.1507 | VLoss     0.00 | Ent 14.232 | KL 0.0116 | Clip 0.049 | logσ -0.19 [-0.27,-0.16] | 68,172 sps | 14.4s
Iter   58/61 | Steps 57,999,360 | Eps 57344 | Return     5.4 [   2,  10] | PLoss -0.1725 | VLoss     2.34 | Ent 13.933 | KL 0.0331 | Clip 0.074 | logσ -0.19 [-0.26,-0.16] | 68,087 sps | 14.4s
Iter   59/61 | Steps 58,982,400 | Eps 57344 | Return     5.4 [   2,  10] | PLoss -0.1529 | VLoss     0.00 | Ent 14.211 | KL 0.0138 | Clip 0.067 | logσ -0.19 [-0.27,-0.17] | 67,688 sps | 14.5s
  Checkpoint saved to checkpoints/20260316_225137_humanoidrun_seed0
Iter   60/61 | Steps 59,965,440 | Eps 59392 | Return     5.3 [   2,  10] | PLoss -0.1676 | VLoss     2.12 | Ent 13.901 | KL 0.0385 | Clip 0.127 | logσ -0.20 [-0.28,-0.17] | 67,981 sps | 14.5s
  Checkpoint saved to checkpoints/20260316_225137_humanoidrun_seed0
================================================================================
Training complete.
  Total episodes: 59392
  Final avg return (last 100 eps): 5.3
  Final max return (last 100 eps): 9.7
  Final checkpoint: checkpoints/20260316_225137_humanoidrun_seed0
